<html>
<body>
<pre>
<h1>礦ision Build Log</h1>
<h2>Tool Versions:</h2>
IDE-Version: μVision V5.16a
Copyright (C) 2015 ARM Ltd and ARM Germany GmbH. All rights reserved.
License Information: xxxx jjjj, xxxx, LIC=65IJJ-ULS67-MLVCI-TA7MS-T75GK-1SRB8
 
Tool Versions:
Toolchain:       MDK-ARM Standard  Version: 5.16a
Toolchain Path:  D:\Program Files\keil 5\ARM\ARMCC\Bin
C Compiler:      Armcc.exe V5.06 (build 20)
Assembler:       Armasm.exe V5.06 (build 20)
Linker/Locator:  ArmLink.exe V5.06 (build 20)
Library Manager: ArmAr.exe V5.06 (build 20)
Hex Converter:   FromElf.exe V5.06 (build 20)
CPU DLL:         SARMCM3.DLL V5.16a
Dialog DLL:      DCM.DLL V1.13.2.0
Target DLL:      Segger\JL2CM3.dll V2.99.15.2
Dialog DLL:      TCM.DLL V1.14.5.0
 
<h2>Project:</h2>
C:\Users\22262\Desktop\温度检测\工程模板.uvprojx
Project File Date:  06/19/2018

<h2>Output:</h2>
*** Using Compiler 'V5.06 (build 20)', folder: 'D:\Program Files\keil 5\ARM\ARMCC\Bin'
Build target 'Target 1'
compiling main.c...
compiling key.c...
APP\key.c(60): warning:  #186-D: pointless comparison of unsigned integer with zero
  			if (temperature[1] < 0) temperature[1] = 0;
APP\key.c: 1 warning, 0 errors
linking...
Program Size: Code=13088 RO-data=2408 RW-data=1084 ZI-data=1028  
FromELF: creating hex file...
".\output\工程模板.axf" - 0 Error(s), 1 Warning(s).

<h2>Software Packages used:</h2>

Package Vendor: ARM
                http://www.keil.com/pack/ARM.CMSIS.4.3.0.pack
                ARM::CMSIS:CORE:4.1.0
                CMSIS (Cortex Microcontroller Software Interface Standard)
   * Component: CORE Version: 4.1.0

<h2>Collection of Component include folders:</h2>
  C:\Users\22262\Desktop\温度检测\RTE
  D:\Program Files\keil 5\ARM\PACK\ARM\CMSIS\4.3.0\CMSIS\Include
  D:\Program Files\keil 5\ARM\PACK\Keil\STM32F1xx_DFP\1.0.2\Device\Include

<h2>Collection of Component Files used:</h2>

   * Component: ARM::CMSIS:CORE:4.1.0
Build Time Elapsed:  00:00:01
</pre>
</body>
</html>
